make: *** [Makefile:79: Machines/SPDZ.o] Interrupt
